<html>
<body>
<pre>
<h1>µVision Build Log</h1>
<h2>Tool Versions:</h2>
IDE-Version: µVision V5.38.0.0
Copyright (C) 2022 ARM Ltd and ARM Germany GmbH. All rights reserved.
License Information: ç õ, à, LIC=NHYH9-414J5-KUJ4L-02JMY-EUBXR-K74X1
 
Tool Versions:
Toolchain:       MDK-ARM Professional  Version: 5.38.0.0
Toolchain Path:  C:\Keil_v5\ARM\ARMCLANG\Bin
C Compiler:      ArmClang.exe V6.19
Assembler:       Armasm.exe V6.19
Linker/Locator:  ArmLink.exe V6.19
Library Manager: ArmAr.exe V6.19
Hex Converter:   FromElf.exe V6.19
CPU DLL:         SARMCM3.DLL V5.38.0.0
Dialog DLL:      DCM.DLL V1.17.5.0
Target DLL:      STLink\ST-LINKIII-KEIL_SWO.dll V3.1.0.0
Dialog DLL:      TCM.DLL V1.56.4.0
 
<h2>Project:</h2>
C:\Projects\KichenLight\MDK-ARM\KichenLight.uvprojx
Project File Date:  01/24/2023

<h2>Output:</h2>
*** Using Compiler 'V6.19', folder: 'C:\Keil_v5\ARM\ARMCLANG\Bin'
Build target 'KichenLight'
compiling command.c...
../Core/Src/command.c(735): warning: passing 'const volatile unsigned char *' to parameter of type 'const uint8_t *' (aka 'const unsigned char *') discards qualifiers [-Wincompatible-pointer-types-discards-qualifiers]
        UART_Send_Str( S, get_LenListStr( S ) );                                                                                                
                       ^
../Core/Inc\uart.h(206): note: passing argument to parameter 'Chr' here
uint8_t UART_Send_Str(uint8_t const* Chr, uint8_t Size);
                                     ^
../Core/Src/command.c(738): warning: passing 'const volatile unsigned char *' to parameter of type 'const uint8_t *' (aka 'const unsigned char *') discards qualifiers [-Wincompatible-pointer-types-discards-qualifiers]
        UART_Send_Str( S, get_LenListStr( S ) );                                                                                                
                       ^
../Core/Inc\uart.h(206): note: passing argument to parameter 'Chr' here
uint8_t UART_Send_Str(uint8_t const* Chr, uint8_t Size);
                                     ^
../Core/Src/command.c(747): warning: passing 'const volatile unsigned char *' to parameter of type 'const uint8_t *' (aka 'const unsigned char *') discards qualifiers [-Wincompatible-pointer-types-discards-qualifiers]
        UART_Send_Str( S, 5 );
                       ^
../Core/Inc\uart.h(206): note: passing argument to parameter 'Chr' here
uint8_t UART_Send_Str(uint8_t const* Chr, uint8_t Size);
                                     ^
../Core/Src/command.c(757): warning: passing 'const volatile unsigned char *' to parameter of type 'const uint8_t *' (aka 'const unsigned char *') discards qualifiers [-Wincompatible-pointer-types-discards-qualifiers]
        UART_Send_Str( S, 7 );
                       ^
../Core/Inc\uart.h(206): note: passing argument to parameter 'Chr' here
uint8_t UART_Send_Str(uint8_t const* Chr, uint8_t Size);
                                     ^
4 warnings generated.
linking...
Program Size: Code=18878 RO-data=542 RW-data=32 ZI-data=4608  
FromELF: creating hex file...
".\KichenLight\KichenLight.axf" - 0 Error(s), 4 Warning(s).

<h2>Software Packages used:</h2>

Package Vendor: ARM
                http://www.keil.com/pack/ARM.CMSIS.5.9.0.pack
                ARM.CMSIS.5.9.0
                CMSIS (Common Microcontroller Software Interface Standard)
   * Component: CORE Version: 5.6.0

Package Vendor: Keil
                http://www.keil.com/pack/Keil.STM32F1xx_DFP.2.4.0.pack
                Keil.STM32F1xx_DFP.2.4.0
                STMicroelectronics STM32F1 Series Device Support, Drivers and Examples

<h2>Collection of Component include folders:</h2>
  ./RTE/_KichenLight
  C:/Users/BigO/AppData/Local/Arm/Packs/ARM/CMSIS/5.9.0/CMSIS/Core/Include
  C:/Users/BigO/AppData/Local/Arm/Packs/Keil/STM32F1xx_DFP/2.4.0/Device/Include

<h2>Collection of Component Files used:</h2>

   * Component: ARM::CMSIS:CORE:5.6.0
      Include file:  CMSIS/Core/Include/tz_context.h
Build Time Elapsed:  00:00:01
</pre>
</body>
</html>
